C:\Users\pc\Desktop\lpc55s69_calc_starter\CMSIS/core_cm33.h:2378:22:__NVIC_EnableIRQ	16	static
../drivers/fsl_clock.h:983:20:CLOCK_EnableClock	24	static
../drivers/fsl_clock.h:993:20:CLOCK_DisableClock	24	static
../drivers/fsl_common_arm.h:499:24:EnableIRQ	24	static
../drivers/fsl_sdif.h:454:20:SDIF_EnableCardClock	16	static
../drivers/fsl_sdif.h:580:24:SDIF_DetectCardInsert	16	static
../drivers/fsl_sdif.h:748:20:SDIF_EnableGlobalInterrupt	16	static
../drivers/fsl_sdif.h:765:20:SDIF_EnableInterrupt	16	static
../drivers/fsl_sdif.h:775:20:SDIF_DisableInterrupt	16	static
../drivers/fsl_sdif.h:784:24:SDIF_GetInterruptStatus	16	static
../drivers/fsl_sdif.h:793:24:SDIF_GetEnabledInterruptStatus	24	static
../drivers/fsl_sdif.h:805:20:SDIF_ClearInterruptStatus	16	static
../drivers/fsl_sdif.h:828:20:SDIF_EnableDmaInterrupt	16	static
../drivers/fsl_sdif.h:838:20:SDIF_DisableDmaInterrupt	16	static
../drivers/fsl_sdif.h:848:24:SDIF_GetInternalDMAStatus	16	static
../drivers/fsl_sdif.h:858:24:SDIF_GetEnabledDMAInterruptStatus	24	static
../drivers/fsl_sdif.h:869:20:SDIF_ClearInternalDMAStatus	16	static
../drivers/fsl_sdif.h:888:20:SDIF_EnableInternalDMA	16	static
../drivers/fsl_sdif.c:217:17:SDIF_GetInstance	24	static
../drivers/fsl_sdif.c:231:17:SDIF_TransferConfig	32	static
../drivers/fsl_sdif.c:331:17:SDIF_ReadCommandResponse	16	static
../drivers/fsl_sdif.c:360:17:SDIF_WaitCommandDone	24	static
../drivers/fsl_sdif.c:383:17:SDIF_SetCommandRegister	32	static
../drivers/fsl_sdif.c:414:10:SDIF_ReleaseDMADescriptor	32	static
../drivers/fsl_sdif.c:468:17:SDIF_ReadDataPort	40	static
../drivers/fsl_sdif.c:515:17:SDIF_WriteDataPort	40	static
../drivers/fsl_sdif.c:562:17:SDIF_ReadDataPortBlocking	40	static
../drivers/fsl_sdif.c:612:17:SDIF_WriteDataPortBlocking	32	static
../drivers/fsl_sdif.c:674:6:SDIF_Reset	24	static
../drivers/fsl_sdif.c:698:17:SDIF_TransferDataBlocking	32	static
../drivers/fsl_sdif.c:778:10:SDIF_SendCommand	24	static
../drivers/fsl_sdif.c:791:6:SDIF_SendCardActive	24	static
../drivers/fsl_sdif.c:837:6:SDIF_ConfigClockDelay	24	static
../drivers/fsl_sdif.c:871:17:SDIF_SyncClockCommand	24	static
../drivers/fsl_sdif.c:908:10:SDIF_SetCardClock	32	static
../drivers/fsl_sdif.c:974:6:SDIF_AbortReadData	16	static
../drivers/fsl_sdif.c:998:10:SDIF_InternalDMAConfig	56	static
../drivers/fsl_sdif.c:1150:6:SDIF_SetCardBusWidth	16	static
../drivers/fsl_sdif.c:1171:6:SDIF_SetCard1BusWidth	16	static
../drivers/fsl_sdif.c:1216:6:SDIF_Init	16	static
../drivers/fsl_sdif.c:1259:10:SDIF_TransferBlocking	40	static
../drivers/fsl_sdif.c:1339:10:SDIF_TransferNonBlocking	40	static
../drivers/fsl_sdif.c:1400:6:SDIF_TransferCreateHandle	24	static
../drivers/fsl_sdif.c:1437:6:SDIF_GetCapability	16	static
../drivers/fsl_sdif.c:1454:13:SDIF_TransferHandleCommand	32	static
../drivers/fsl_sdif.c:1495:13:SDIF_TransferHandleData	40	static
../drivers/fsl_sdif.c:1562:13:SDIF_TransferHandleDMA	40	static
../drivers/fsl_sdif.c:1598:13:SDIF_TransferHandleSDIOInterrupt	16	static
../drivers/fsl_sdif.c:1606:13:SDIF_TransferHandleCardDetect	16	static
../drivers/fsl_sdif.c:1624:13:SDIF_TransferHandleIRQ	24	static
../drivers/fsl_sdif.c:1663:6:SDIF_Deinit	16	static
../drivers/fsl_sdif.c:1681:6:SDIO_DriverIRQHandler	8	static
