../source/calc.c:29:6:output	16	static
../source/calc.c:42:6:outputf	284	static
../source/calc.c:60:5:outputfhold	24	static
../source/calc.c:96:13:eng_out	80	static
../source/calc.c:151:6:real_out	32	static
../source/calc.c:180:6:out_matrix	56	static
../source/calc.c:203:6:complex_out	48	static
../source/calc.c:253:6:out_cmatrix	56	static
../source/calc.c:279:6:give_out	24	static
../source/calc.c:663:13:binfunc_print	32	static
../source/calc.c:677:12:binfunc_compare	24	static
../source/calc.c:697:9:binfunc_exec	48	static
../source/calc.c:710:12:binfunc_find	40	static
../source/calc.c:874:13:cmd_print	32	static
../source/calc.c:888:12:cmd_compare	16	static
../source/calc.c:900:13:cmd_find	64	static
../source/calc.c:922:12:cmd_parse_and_exec	24	static
../source/calc.c:942:9:cmd2tok	24	static
../source/calc.c:960:13:do_quit	16	static
../source/calc.c:965:13:do_cls	16	static
../source/calc.c:976:13:do_list	32	static
../source/calc.c:1005:13:do_listvar	32	static
../source/calc.c:1043:13:do_help	360	static
../source/calc.c:1162:13:do_mdump	24	static
../source/calc.c:1188:13:string_out	24	static
../source/calc.c:1197:13:do_hexdump	48	static
../source/calc.c:1225:13:do_clear	24	static
../source/calc.c:1245:13:do_forget	24	static
../source/calc.c:1258:13:do_cd	24	static
../source/calc.c:1273:13:do_ls	80	static
../source/calc.c:1312:13:do_rm	24	static
../source/calc.c:1323:13:do_mkdir	24	static
../source/calc.c:1334:13:do_dump	16	static
../source/calc.c:1351:13:do_load	752	dynamic
../source/calc.c:1452:7:type_udfline	288	static
../source/calc.c:1487:6:trace_udfline	32	static
../source/calc.c:1532:13:do_trace	24	static
../source/calc.c:1564:13:do_show	56	static
../source/calc.c:1609:6:scan_endif	32	static
../source/calc.c:1642:12:scan_else	32	static
../source/calc.c:1679:13:scan_end	32	static
../source/calc.c:1710:13:do_parse_udf	88	static
../source/calc.c:1895:13:do_global	32	static
../source/calc.c:1931:13:do_const	24	static
../source/calc.c:1960:13:do_return	16	static
../source/calc.c:1966:13:do_endfunction	16	static
../source/calc.c:1973:12:ctest	32	static
../source/calc.c:2002:13:do_if	24	static
../source/calc.c:2015:13:do_then	16	static
../source/calc.c:2020:13:do_else	16	static
../source/calc.c:2026:13:do_elseif	16	static
../source/calc.c:2032:13:do_endif	16	static
../source/calc.c:2037:13:do_for	104	static
../source/calc.c:2124:13:do_loop	48	static
../source/calc.c:2176:13:do_repeat	24	static
../source/calc.c:2201:13:do_end	16	static
../source/calc.c:2206:13:do_break	16	static
../source/calc.c:2212:13:do_to	16	static
../source/calc.c:2218:13:do_do	16	static
../source/calc.c:2224:13:do_step	16	static
../source/calc.c:2235:16:parse_matrix	96	static
../source/calc.c:2383:9:get_mat_elt	48	static
../source/calc.c:2422:9:get_mat_elt1	48	static
../source/calc.c:2465:9:parse_list	32	static
../source/calc.c:2488:9:parse_func_call	96	static
../source/calc.c:2742:9:parse_expr	168	static
../source/calc.c:3014:5:parse	144	static
../source/calc.c:3203:5:extend	56	static
../source/calc.c:3253:6:cc_warn	284	static
../source/calc.c:3279:6:cc_error	284	static
../source/calc.c:3305:6:main_loop	448	static
