../source/funcs.c:23:9:minput	456	static
../source/funcs.c:64:9:interpret_luf	256	static
../source/funcs.c:178:9:interpret_udf	312	static
../source/funcs.c:462:9:margn	16	static
../source/funcs.c:466:9:margs	40	static
../source/funcs.c:495:9:mxargs	24	static
../source/funcs.c:505:9:mindex	16	static
../source/funcs.c:509:9:merror	16	static
../source/funcs.c:519:9:mname	32	static
../source/funcs.c:526:9:miscomplex	24	static
../source/funcs.c:537:9:misreal	24	static
../source/funcs.c:548:9:misstring	24	static
../source/funcs.c:559:9:misvar	24	static
../source/funcs.c:573:9:misfunction	24	static
../source/funcs.c:591:6:risnan	16	static
../source/funcs.c:596:9:misnan	16	static
../source/funcs.c:600:6:risinf	16	static
../source/funcs.c:605:9:misinf	16	static
../source/funcs.c:609:6:risfinite	16	static
../source/funcs.c:614:9:misfinite	16	static
../source/funcs.c:621:9:mtime	16	static
../source/funcs.c:625:9:mwait	32	static
../source/funcs.c:667:9:mformat	48	static
../source/funcs.c:748:9:mprintf	1064	static
../source/funcs.c:764:9:mepsilon	16	static
../source/funcs.c:768:9:msetepsilon	24	static
../source/funcs.c:780:13:r_add	24	static
../source/funcs.c:784:6:c_add	24	static
../source/funcs.c:789:9:add	40	static
../source/funcs.c:799:13:r_sub	24	static
../source/funcs.c:803:6:c_sub	24	static
../source/funcs.c:808:9:subtract	40	static
../source/funcs.c:818:13:r_mul	24	static
../source/funcs.c:823:6:c_mul	32	static
../source/funcs.c:830:9:dotmultiply	40	static
../source/funcs.c:840:13:r_div	24	static
../source/funcs.c:845:6:c_div	32	static
../source/funcs.c:854:9:dotdivide	40	static
../source/funcs.c:865:13:c_scalp	24	static
../source/funcs.c:871:6:c_copy	16	static
../source/funcs.c:875:9:multiply	128	static
../source/funcs.c:973:9:wmultiply	120	static
../source/funcs.c:1075:9:smultiply	120	static
../source/funcs.c:1181:13:r_opposite	16	static
../source/funcs.c:1185:13:c_opposite	16	static
../source/funcs.c:1190:9:opposite	24	static
../source/funcs.c:1200:6:make_complex	56	static
../source/funcs.c:1241:9:mvconcat	64	static
../source/funcs.c:1287:9:mhconcat	72	static
../source/funcs.c:1342:9:transpose	56	static
../source/funcs.c:1379:9:vectorize	56	static
../source/funcs.c:1403:9:msolve	72	static
../source/funcs.c:1439:13:rgreater	24	static
../source/funcs.c:1444:9:mgreater	40	static
../source/funcs.c:1457:13:rless	24	static
../source/funcs.c:1462:9:mless	40	static
../source/funcs.c:1475:13:rgreatereq	24	static
../source/funcs.c:1480:9:mgreatereq	40	static
../source/funcs.c:1493:13:rlesseq	24	static
../source/funcs.c:1498:9:mlesseq	40	static
../source/funcs.c:1511:13:requal	24	static
../source/funcs.c:1516:13:cequal	24	static
../source/funcs.c:1521:9:mequal	40	static
../source/funcs.c:1548:13:runequal	24	static
../source/funcs.c:1553:13:cunequal	24	static
../source/funcs.c:1558:9:munequal	40	static
../source/funcs.c:1585:13:raboutequal	24	static
../source/funcs.c:1590:13:caboutequal	24	static
../source/funcs.c:1595:9:maboutequal	40	static
../source/funcs.c:1606:13:r_not	16	static
../source/funcs.c:1611:13:c_not	16	static
../source/funcs.c:1616:9:mnot	24	static
../source/funcs.c:1628:13:r_or	24	static
../source/funcs.c:1633:9:mor	40	static
../source/funcs.c:1648:13:r_and	24	static
../source/funcs.c:1653:9:mand	40	static
../source/funcs.c:1671:9:mcomplex	48	static
../source/funcs.c:1696:13:c_conj	16	static
../source/funcs.c:1700:13:ident	16	static
../source/funcs.c:1704:9:mconj	16	static
../source/funcs.c:1709:13:c_realpart	16	static
../source/funcs.c:1713:9:mre	16	static
../source/funcs.c:1717:13:zero	16	static
../source/funcs.c:1721:13:c_imagpart	16	static
../source/funcs.c:1725:9:mim	16	static
../source/funcs.c:1729:13:rarg	16	static
../source/funcs.c:1734:13:c_arg	16	static
../source/funcs.c:1739:9:marg	16	static
../source/funcs.c:1743:13:c_abs	16	static
../source/funcs.c:1747:9:mabs	16	static
../source/funcs.c:1755:13:c_sin	24	static
../source/funcs.c:1760:9:msin	16	static
../source/funcs.c:1764:13:c_cos	32	static
../source/funcs.c:1769:9:mcos	16	static
../source/funcs.c:1773:13:c_tan	32	static
../source/funcs.c:1780:9:mtan	16	static
../source/funcs.c:1784:6:c_log	16	static
../source/funcs.c:1790:13:c_atan	40	static
../source/funcs.c:1799:9:matan	16	static
../source/funcs.c:1803:13:c_sqrt	24	static
../source/funcs.c:1811:13:c_asin	32	static
../source/funcs.c:1822:9:masin	16	static
../source/funcs.c:1826:13:c_acos	32	static
../source/funcs.c:1837:9:macos	16	static
../source/funcs.c:1841:13:c_exp	24	static
../source/funcs.c:1847:9:mexp	16	static
../source/funcs.c:1851:9:mlog	16	static
../source/funcs.c:1855:9:msqrt	16	static
../source/funcs.c:1859:13:rmod	24	static
../source/funcs.c:1863:9:mmod	16	static
../source/funcs.c:1867:13:c_pow	40	static
../source/funcs.c:1878:13:r_pow	32	static
../source/funcs.c:1889:9:mpower	40	static
../source/funcs.c:1897:9:merf	16	static
../source/funcs.c:1901:9:merfc	16	static
../source/funcs.c:1908:13:rsign	16	static
../source/funcs.c:1914:9:msign	16	static
../source/funcs.c:1918:9:mceil	16	static
../source/funcs.c:1922:9:mfloor	16	static
../source/funcs.c:1928:13:r_round	16	static
../source/funcs.c:1935:13:c_round	24	static
../source/funcs.c:1943:9:mround	24	static
../source/funcs.c:1957:9:msize	48	static
../source/funcs.c:1993:9:mcols	24	static
../source/funcs.c:2011:9:mrows	24	static
../source/funcs.c:2028:9:mnonzeros	48	static
../source/funcs.c:2050:9:many	48	static
../source/funcs.c:2069:9:mextrema	64	static
../source/funcs.c:2091:9:mmatrix	64	static
../source/funcs.c:2132:9:mzeros	48	static
../source/funcs.c:2154:9:mones	48	static
../source/funcs.c:2176:9:mdiag	88	static
../source/funcs.c:2234:9:msetdiag	72	static
../source/funcs.c:2286:9:mdiag2	64	static
../source/funcs.c:2325:9:mband	64	static
../source/funcs.c:2356:9:mdup	64	static
../source/funcs.c:2415:9:mredim	56	static
../source/funcs.c:2475:9:msum	56	static
../source/funcs.c:2504:9:mcolsum	56	static
../source/funcs.c:2533:9:mprod	64	static
../source/funcs.c:2567:9:mcumsum	56	static
../source/funcs.c:2603:9:mcumprod	56	static
../source/funcs.c:2642:9:mflipx	48	static
../source/funcs.c:2673:9:mflipy	40	static
../source/funcs.c:2702:13:r_max	24	static
../source/funcs.c:2707:9:mmax	16	static
../source/funcs.c:2711:13:r_min	24	static
../source/funcs.c:2716:9:mmin	16	static
../source/funcs.c:2722:12:sorttyp_compare	16	static
../source/funcs.c:2728:9:msort	48	static
../source/funcs.c:2756:9:mstatistics	56	static
../source/funcs.c:2781:9:mmax1	56	static
../source/funcs.c:2803:9:mmin1	56	static
../source/funcs.c:2832:13:peval	32	static
../source/funcs.c:2840:13:cpeval	32	static
../source/funcs.c:2860:9:mpolyval	32	static
../source/funcs.c:2880:12:testparams	32	static
../source/funcs.c:2897:9:mpolyadd	64	static
../source/funcs.c:2938:9:mpolymult	104	static
../source/funcs.c:2979:9:mpolydiv	128	static
../source/funcs.c:3031:9:mpolycons	72	static
../source/funcs.c:3067:9:mpolytrunc	32	static
../source/funcs.c:3104:9:dd	96	static
../source/funcs.c:3147:13:rddeval	32	static
../source/funcs.c:3155:13:cddeval	48	static
../source/funcs.c:3177:9:ddval	40	static
../source/funcs.c:3214:9:polydd	96	static
../source/funcs.c:3262:13:quadloes	64	static
../source/funcs.c:3282:12:cxdiv	48	static
../source/funcs.c:3299:13:cxxabs	16	static
../source/funcs.c:3305:13:chorner	64	static
../source/funcs.c:3365:13:bauroot	200	static
../source/funcs.c:3472:13:polydiv	40	static
../source/funcs.c:3481:13:bauhuber	64	static
../source/funcs.c:3508:9:mpolysolve	48	static
../source/funcs.c:3525:9:mpolyroot	56	static
../source/funcs.c:3554:9:mlu	112	static
../source/funcs.c:3607:9:mlusolve	72	static
../source/funcs.c:3640:9:mtridiag	48	static
../source/funcs.c:3671:9:mcharpoly	40	static
../source/funcs.c:3699:13:rfac	32	static
../source/funcs.c:3708:9:mfac	16	static
../source/funcs.c:3712:13:rlogfac	32	static
../source/funcs.c:3721:9:mlogfac	16	static
../source/funcs.c:3725:13:rbin	48	static
../source/funcs.c:3738:9:mbin	16	static
../source/funcs.c:3742:13:rlogbin	56	static
../source/funcs.c:3756:9:mlogbin	16	static
../source/funcs.c:3783:13:ran2	24	static
../source/funcs.c:3815:9:mseed	24	static
../source/funcs.c:3824:9:mrandom	56	static
../source/funcs.c:3846:13:gasdev	32	static
../source/funcs.c:3866:9:mnormal	56	static
../source/funcs.c:3888:9:mshuffle	48	static
../source/funcs.c:3909:9:mfind	64	static
