../source/stack.c:85:5:stack_init	16	static
../source/stack.c:103:6:stack_rewind	16	static
../source/stack.c:109:5:xor	24	static
../source/stack.c:118:7:stack_alloc	32	static
../source/stack.c:153:7:stack_realloc	40	static
../source/stack.c:180:9:new_real	32	static
../source/stack.c:191:9:new_complex	32	static
../source/stack.c:202:9:new_string	56	static
../source/stack.c:256:9:new_cstring	32	static
../source/stack.c:267:9:new_matrix	32	static
../source/stack.c:278:9:new_cmatrix	32	static
../source/stack.c:289:9:new_command	24	static
../source/stack.c:300:9:new_udf	24	static
../source/stack.c:311:9:new_reference	32	static
../source/stack.c:322:9:new_funcref	32	static
../source/stack.c:333:9:new_binfuncref	32	static
../source/stack.c:345:9:new_subm	56	static
../source/stack.c:370:9:new_csubm	56	static
../source/stack.c:395:16:new_submatrixref	96	static
../source/stack.c:479:16:build_csmatrix	112	static
../source/stack.c:546:16:build_smatrix	112	static
../source/stack.c:606:9:new_submatrix	32	static
../source/stack.c:612:9:new_csubmatrix	32	static
../source/stack.c:621:6:getmatrix	32	static
../source/stack.c:636:9:searchvar	32	static
../source/stack.c:668:9:searchudf	24	static
../source/stack.c:709:5:kill_local	32	static
../source/stack.c:732:5:kill_udf	56	static
../source/stack.c:789:9:assign	128	static
../source/stack.c:1078:9:getvalue	80	static
../source/stack.c:1172:9:next_param	16	static
../source/stack.c:1181:9:moveresult	24	static
../source/stack.c:1192:9:moveresults	32	static
../source/stack.c:1205:9:pushresults	24	static
