C:\Users\pc\Desktop\lpc55s69_calc_starter\CMSIS/core_cm33.h:2378:22:__NVIC_EnableIRQ	16	static
C:\Users\pc\Desktop\lpc55s69_calc_starter\CMSIS/core_cm33.h:2575:22:__NVIC_SetPriority	16	static
C:\Users\pc\Desktop\lpc55s69_calc_starter\drivers/fsl_power.h:398:20:POWER_SetBodVbatLevel	16	static
C:\Users\pc\Desktop\lpc55s69_calc_starter\drivers/fsl_usart.h:493:24:USART_GetStatusFlags	16	static
C:\Users\pc\Desktop\lpc55s69_calc_starter\drivers/fsl_usart.h:541:20:USART_EnableInterrupts	16	static
C:\Users\pc\Desktop\lpc55s69_calc_starter\drivers/fsl_usart.h:561:20:USART_DisableInterrupts	16	static
C:\Users\pc\Desktop\lpc55s69_calc_starter\drivers/fsl_usart.h:575:24:USART_GetEnabledInterrupts	16	static
C:\Users\pc\Desktop\lpc55s69_calc_starter\drivers/fsl_usart.h:723:23:USART_ReadByte	16	static
../source/sysdep.c:71:6:FLEXCOMM0_IRQHandler	16	static
../source/sysdep.c:99:6:uart_init	40	static
../source/sysdep.c:132:6:uart_putc	24	static
../source/sysdep.c:142:6:uart_puts	24	static
../source/sysdep.c:151:6:uart_getc	24	static
../source/sysdep.c:180:6:sys_out_mode	16	static
../source/sysdep.c:205:6:sys_print	24	static
../source/sysdep.c:232:5:sys_wait_key	24	static
../source/sysdep.c:351:5:sys_test_key	8	static
../source/sysdep.c:364:5:test_code	4	static
../source/sysdep.c:380:6:sys_clear	8	static
../source/sysdep.c:389:6:text_mode	4	static
../source/sysdep.c:393:6:move_cl_cb	8	static
../source/sysdep.c:401:6:move_cr_cb	8	static
../source/sysdep.c:409:6:cursor_on_cb	8	static
../source/sysdep.c:417:6:cursor_off_cb	8	static
../source/sysdep.c:425:6:clear_eol	8	static
../source/sysdep.c:433:6:edit_off_cb	4	static
../source/sysdep.c:438:6:edit_on_cb	4	static
../source/sysdep.c:443:6:page_up_cb	4	static
../source/sysdep.c:447:6:page_down_cb	4	static
../source/sysdep.c:456:6:SysTick_Handler	4	static
../source/sysdep.c:461:6:sys_clock	4	static
../source/sysdep.c:468:6:sys_wait	24	static
../source/sysdep.c:489:10:sd_init	32	static
../source/sysdep.c:519:13:sd_info	16	static
../source/sysdep.c:557:13:card_detect_cb	16	static
../source/sysdep.c:565:13:update_sd_state	16	static
../source/sysdep.c:605:12:match	16	static
../source/sysdep.c:622:12:entry_cmp	16	static
../source/sysdep.c:631:5:fs_dir	128	static
../source/sysdep.c:683:7:fs_cd	24	static
../source/sysdep.c:707:5:fs_mkdir	24	static
../source/sysdep.c:728:5:fs_rm	24	static
../source/sysdep.c:751:5:_open	32	static
../source/sysdep.c:769:5:_close	24	static
../source/sysdep.c:781:5:_read	32	static
../source/sysdep.c:796:5:_write	32	static
../source/sysdep.c:1146:6:g_xgrid	152	static
../source/sysdep.c:1234:6:g_ygrid	152	static
../source/sysdep.c:1323:13:g_draw_path2d	88	static
../source/sysdep.c:1469:12:g_draw_plot	96	static
../source/sysdep.c:1563:6:graphic_mode	4	static
../source/sysdep.c:1570:13:gupdate	24	static
../source/sysdep.c:1613:12:ginit	16	static
../source/sysdep.c:1630:6:gsubplot	56	static
../source/sysdep.c:1674:6:gsetplot	56	static
../source/sysdep.c:1715:6:ggetplot	32	static
../source/sysdep.c:1727:6:gplot	32	static
../source/sysdep.c:1752:6:gsetxgrid	32	static
../source/sysdep.c:1763:6:gsetygrid	32	static
../source/sysdep.c:1774:6:gtext	80	static
../source/sysdep.c:1808:6:glabel	56	static
../source/sysdep.c:1832:6:gclear	4	static
../source/sysdep.c:1839:6:mouse	16	static
../source/sysdep.c:1847:6:getpixel	16	static
../source/sysdep.c:1854:6:gflush	4	static
../source/sysdep.c:1864:5:main	24	static
