C:\Users\pc\Desktop\lpc55s69_calc_starter\drivers/fsl_common_arm.h:717:24:DisableGlobalIRQ	16	static
C:\Users\pc\Desktop\lpc55s69_calc_starter\drivers/fsl_common_arm.h:743:20:EnableGlobalIRQ	24	static
../component/osa/fsl_os_abstraction_bm.c:161:18:main_task	16	static
../component/osa/fsl_os_abstraction_bm.c:192:7:OSA_MemoryAllocate	24	static
../component/osa/fsl_os_abstraction_bm.c:210:6:OSA_MemoryFree	16	static
../component/osa/fsl_os_abstraction_bm.c:215:6:OSA_EnterCritical	16	static
../component/osa/fsl_os_abstraction_bm.c:220:6:OSA_ExitCritical	16	static
../component/osa/fsl_os_abstraction_bm.c:231:6:OSA_EnableIRQGlobal	8	static
../component/osa/fsl_os_abstraction_bm.c:252:6:OSA_DisableIRQGlobal	8	static
../component/osa/fsl_os_abstraction_bm.c:473:18:OSA_TimeInit	4	static
../component/osa/fsl_os_abstraction_bm.c:490:22:OSA_TimeDiff	16	static
../component/osa/fsl_os_abstraction_bm.c:508:6:OSA_TimeDelay	16	static
../component/osa/fsl_os_abstraction_bm.c:527:22:OSA_TimeGetMsec	4	static
../component/osa/fsl_os_abstraction_bm.c:544:14:OSA_SemaphorePrecreate	16	static
../component/osa/fsl_os_abstraction_bm.c:559:14:OSA_SemaphoreCreate	24	static
../component/osa/fsl_os_abstraction_bm.c:588:14:OSA_SemaphoreCreateBinary	24	static
../component/osa/fsl_os_abstraction_bm.c:616:14:OSA_SemaphoreDestroy	24	static
../component/osa/fsl_os_abstraction_bm.c:639:14:OSA_SemaphoreWait	24	static
../component/osa/fsl_os_abstraction_bm.c:714:14:OSA_SemaphorePost	24	static
../component/osa/fsl_os_abstraction_bm.c:750:14:OSA_MutexCreate	24	static
../component/osa/fsl_os_abstraction_bm.c:779:14:OSA_MutexLock	24	static
../component/osa/fsl_os_abstraction_bm.c:845:14:OSA_MutexUnlock	24	static
../component/osa/fsl_os_abstraction_bm.c:863:14:OSA_MutexDestroy	24	static
../component/osa/fsl_os_abstraction_bm.c:882:14:OSA_EventPrecreate	16	static
../component/osa/fsl_os_abstraction_bm.c:896:14:OSA_EventCreate	24	static
../component/osa/fsl_os_abstraction_bm.c:919:14:OSA_EventSet	24	static
../component/osa/fsl_os_abstraction_bm.c:944:14:OSA_EventClear	24	static
../component/osa/fsl_os_abstraction_bm.c:974:14:OSA_EventGet	32	static
../component/osa/fsl_os_abstraction_bm.c:1006:14:OSA_EventWait	40	static
../component/osa/fsl_os_abstraction_bm.c:1090:14:OSA_EventDestroy	24	static
../component/osa/fsl_os_abstraction_bm.c:1109:14:OSA_MsgQCreate	32	static
../component/osa/fsl_os_abstraction_bm.c:1131:14:OSA_MsgQPut	40	static
../component/osa/fsl_os_abstraction_bm.c:1190:14:OSA_MsgQGet	48	static
../component/osa/fsl_os_abstraction_bm.c:1281:5:OSA_MsgQAvailableMsgs	24	static
../component/osa/fsl_os_abstraction_bm.c:1296:14:OSA_MsgQDestroy	24	static
../component/osa/fsl_os_abstraction_bm.c:1314:6:OSA_InterruptEnable	8	static
../component/osa/fsl_os_abstraction_bm.c:1324:6:OSA_InterruptDisable	8	static
../component/osa/fsl_os_abstraction_bm.c:1335:6:OSA_InstallIntHandler	16	static
