C:\Users\pc\Desktop\lpc55s69_calc_starter\drivers/fsl_sdif.h:528:20:SDIF_EnableCardPower	16	static
C:\Users\pc\Desktop\lpc55s69_calc_starter\drivers/fsl_sdif.h:547:20:SDIF_EnableCard1Power	16	static
C:\Users\pc\Desktop\lpc55s69_calc_starter\drivers/fsl_sdif.h:580:24:SDIF_DetectCardInsert	16	static
C:\Users\pc\Desktop\lpc55s69_calc_starter\drivers/fsl_sdif.h:599:24:SDIF_DetectCard1Insert	16	static
C:\Users\pc\Desktop\lpc55s69_calc_starter\drivers/fsl_sdif.h:765:20:SDIF_EnableInterrupt	16	static
C:\Users\pc\Desktop\lpc55s69_calc_starter\drivers/fsl_sdif.h:775:20:SDIF_DisableInterrupt	16	static
C:\Users\pc\Desktop\lpc55s69_calc_starter\drivers/fsl_sdif.h:805:20:SDIF_ClearInterruptStatus	16	static
C:\Users\pc\Desktop\lpc55s69_calc_starter\drivers/fsl_sdif.h:869:20:SDIF_ClearInternalDMAStatus	16	static
C:\Users\pc\Desktop\lpc55s69_calc_starter\drivers/fsl_sdif.h:995:24:SDIF_GetControllerStatus	16	static
../sdmmc/host/fsl_sdmmc_host.h:215:20:SDMMCHOST_EnableCardInt	16	static
../sdmmc/host/fsl_sdmmc_host.c:53:13:SDMMCHOST_DetectCardInsertByHost	24	static
../sdmmc/host/fsl_sdmmc_host.c:73:13:SDMMCHOST_DetectCardRemoveByHost	24	static
../sdmmc/host/fsl_sdmmc_host.c:93:13:SDMMCHOST_CardInterrupt	24	static
../sdmmc/host/fsl_sdmmc_host.c:108:10:SDMMCHOST_CardIntInit	16	static
../sdmmc/host/fsl_sdmmc_host.c:117:10:SDMMCHOST_CardDetectInit	24	static
../sdmmc/host/fsl_sdmmc_host.c:148:10:SDMMCHOST_CardDetectStatus	24	static
../sdmmc/host/fsl_sdmmc_host.c:169:10:SDMMCHOST_PollingCardDetectStatus	32	static
../sdmmc/host/fsl_sdmmc_host.c:217:13:SDMMCHOST_TransferCompleteCallback	32	static
../sdmmc/host/fsl_sdmmc_host.c:241:10:SDMMCHOST_TransferFunction	40	static
../sdmmc/host/fsl_sdmmc_host.c:318:13:SDMMCHOST_ErrorRecovery	56	static
../sdmmc/host/fsl_sdmmc_host.c:329:6:SDMMCHOST_SetCardPower	16	static
../sdmmc/host/fsl_sdmmc_host.c:352:6:SDMMCHOST_ConvertDataToLittleEndian	40	static
../sdmmc/host/fsl_sdmmc_host.c:366:10:SDMMCHOST_Init	48	static
../sdmmc/host/fsl_sdmmc_host.c:411:6:SDMMCHOST_Reset	16	static
../sdmmc/host/fsl_sdmmc_host.c:428:6:SDMMCHOST_SetCardBusWidth	16	static
../sdmmc/host/fsl_sdmmc_host.c:450:6:SDMMCHOST_Deinit	24	static
